// Jest Snapshot v1, https://goo.gl/fbAQLP

exports[`SearchCars component renders a component 1`] = `
<Fragment>
  <label>
    Search Cars by Plate
  </label>
  <input
    type="text"
  />
  <table
    width="100%"
  >
    <tbody>
      <tr>
        <th>
          Make
        </th>
        <th>
          Model
        </th>
        <th>
          Plate
        </th>
      </tr>
      <tr>
        <th>
          Toyota
        </th>
        <th>
          Corolla
        </th>
        <th>
          ABC123
        </th>
      </tr>
    </tbody>
  </table>
</Fragment>
`;
