// Jest Snapshot v1, https://goo.gl/fbAQLP

exports[`SearchCars component renders a component 1`] = `
<Fragment>
  <label
    htmlFor="search"
  >
    Search Cars by Plate
  </label>
  <input
    id="search"
    name="search"
    type="text"
  />
  <table
    width="100%"
  >
    <tbody>
      <tr>
        <th>
          Make
        </th>
        <th>
          Model
        </th>
        <th>
          Plate
        </th>
      </tr>
      <tr
        key="ABC123"
      >
        <th>
          Toyota
        </th>
        <th>
          Corolla
        </th>
        <th>
          <Link
            replace={false}
            to="/cars/ABC123"
          >
            ABC123
          </Link>
        </th>
      </tr>
    </tbody>
  </table>
</Fragment>
`;
