// Jest Snapshot v1, https://goo.gl/fbAQLP

exports[`Car component matches snapshot 1`] = `
<Fragment>
  <tr
    key="ABC123"
  >
    <td
      id="make"
    >
      Toyota
    </td>
    <td
      id="model"
    >
      Corolla
    </td>
    <td
      id="plate"
    >
      <Link
        replace={false}
        to="asldkfj"
      >
        ABC123
      </Link>
    </td>
  </tr>
</Fragment>
`;
