// Jest Snapshot v1, https://goo.gl/fbAQLP

exports[`tests for Cars component renders a Cars component 1`] = `
<div>
  <h3>
    Test Cars
  </h3>
  <ul>
    <Car
      car={
        Object {
          "color": "pink",
          "isInLot": true,
          "lotUseCount": 2,
          "make": "Plymouth",
          "model": "Edsel",
          "plate": "ZZZ000",
        }
      }
      key="ZZZ000"
    />
    <Car
      car={
        Object {
          "color": "red",
          "isInLot": false,
          "lotUseCount": 3,
          "make": "Plymouth",
          "model": "Acclaim",
          "plate": "YYY111",
        }
      }
      key="YYY111"
    />
  </ul>
</div>
`;
