// Jest Snapshot v1, https://goo.gl/fbAQLP

exports[`Filtered Cars renders 1`] = `
<Fragment>
  <h3
    className="header"
  >
    Search Cars
  </h3>
  <div>
    <form
      className="form"
    >
      <label
        htmlFor="searchTerm"
      >
        Search: 
      </label>
      <input
        onChange={[MockFunction]}
        type="text"
        value="a search term"
      />
    </form>
  </div>
  <Cars
    cars={
      Array [
        Object {
          "make": "a make",
          "model": "a model",
          "plate": "a plate",
        },
      ]
    }
  />
</Fragment>
`;
