// Jest Snapshot v1, https://goo.gl/fbAQLP

exports[`Header component renders a Header component 1`] = `
<div
  id="header"
>
  <h1>
    Lot Keeper
  </h1>
  <nav>
    <Link
      replace={false}
    >
      Search Cars
    </Link>
    <Link
      replace={false}
    >
      Search Lots
    </Link>
    <Link
      replace={false}
    >
      Register a Car
    </Link>
  </nav>
</div>
`;
