// Jest Snapshot v1, https://goo.gl/fbAQLP

exports[`Header renders a Header 1`] = `
<header
  className="header"
>
  <div
    className="logo"
  >
    <h3>
      Fun Parking Lot App
    </h3>
  </div>
  <div
    className="links"
  >
    <Link
      className="link"
      replace={false}
      to="/"
    >
      Home
    </Link>
    <Link
      className="link"
      replace={false}
      to="/cars/register"
    >
      Register Car
    </Link>
    <Link
      className="link"
      replace={false}
      to="/cars/search"
    >
      Search All Cars
    </Link>
    <Link
      className="link"
      replace={false}
      to="/lot/search"
    >
      Search Cars in Lot
    </Link>
  </div>
</header>
`;
