// Jest Snapshot v1, https://goo.gl/fbAQLP

exports[`Header component renders a Header component 1`] = `
<div
  id="header"
>
  <h1>
    Lot Keeper
  </h1>
  <nav>
    <a
      href="/cars/search"
    >
      Search Cars
    </a>
    <a
      href="/"
    >
      Search Lots
    </a>
    <a
      href="/cars/register"
    >
      Register a Car
    </a>
  </nav>
</div>
`;
